{
  "name": "s2_mystar_36m_b30",
  "version": "2025-09-sample",
  "product": "mySTAR",
  "term_months": 36,
  "balloon_percent": "0.3000",
  "monthly_installment_thb": "27833.00",
  "customer_rate_nominal": "0.0600",
  "customer_rate_effective": "0.0617",
  "acquisition_rorac": "0.3620",
  "schedule_len": 37,
  "first_payment_date": "2025-09-04",
  "parameter_set_version": "2025-09-sample",
  "matched_funded_spread": "0.0025"
}